old_heldout:800000 frozen_cap32_0.1 0.0023 pass_complete 14
old_heldout:800000 frozen_cap32_1.0 0.0022 pass_complete 14
old_heldout:800000 uncapped_1.0 0.0022 pass_complete 14
old_heldout:800005 frozen_cap32_0.1 0.0049 query_cap 32
old_heldout:800005 frozen_cap32_1.0 0.0045 query_cap 32
old_heldout:800005 uncapped_1.0 0.0053 pass_complete 51
old_heldout:800001 frozen_cap32_0.1 0.0086 query_cap 32
old_heldout:800001 frozen_cap32_1.0 0.0092 query_cap 32
old_heldout:800001 uncapped_1.0 0.0101 pass_complete 44
old_heldout:800006 frozen_cap32_0.1 0.0035 query_cap 32
old_heldout:800006 frozen_cap32_1.0 0.0035 query_cap 32
old_heldout:800006 uncapped_1.0 0.0069 pass_complete 76
old_heldout:800002 frozen_cap32_0.1 0.0085 query_cap 32
old_heldout:800002 frozen_cap32_1.0 0.0085 query_cap 32
old_heldout:800002 uncapped_1.0 0.0085 pass_complete 51
old_heldout:800007 frozen_cap32_0.1 0.0035 query_cap 32
old_heldout:800007 frozen_cap32_1.0 0.0035 query_cap 32
old_heldout:800007 uncapped_1.0 0.0138 pass_complete 140
old_heldout:800003 frozen_cap32_0.1 0.0014 query_cap 32
old_heldout:800003 frozen_cap32_1.0 0.0014 query_cap 32
old_heldout:800003 uncapped_1.0 0.016 pass_complete 105
old_heldout:800008 frozen_cap32_0.1 0.0036 pass_complete 14
old_heldout:800008 frozen_cap32_1.0 0.0033 pass_complete 14
old_heldout:800008 uncapped_1.0 0.0029 pass_complete 14
old_heldout:800004 frozen_cap32_0.1 0.0052 pass_complete 32
old_heldout:800004 frozen_cap32_1.0 0.0054 pass_complete 32
old_heldout:800004 uncapped_1.0 0.0049 pass_complete 32
old_heldout:800009 frozen_cap32_0.1 0.0088 pass_complete 23
old_heldout:800009 frozen_cap32_1.0 0.0085 pass_complete 23
old_heldout:800009 uncapped_1.0 0.0085 pass_complete 23
public:01_scalar_pipeline.json frozen_cap32_0.1 0.001 pass_complete 18
public:01_scalar_pipeline.json frozen_cap32_1.0 0.0009 pass_complete 18
public:01_scalar_pipeline.json uncapped_1.0 0.0011 pass_complete 18
public:02_scalar_dual_chain.json frozen_cap32_0.1 0.0015 pass_complete 24
public:02_scalar_dual_chain.json frozen_cap32_1.0 0.0014 pass_complete 24
public:02_scalar_dual_chain.json uncapped_1.0 0.0013 pass_complete 24
public:03_vector_axpy.json frozen_cap32_0.1 0.0021 pass_complete 28
public:03_vector_axpy.json frozen_cap32_1.0 0.0021 pass_complete 28
public:03_vector_axpy.json uncapped_1.0 0.0021 pass_complete 28
public:04_vector_bitmix.json frozen_cap32_0.1 0.0031 query_cap 32
public:04_vector_bitmix.json frozen_cap32_1.0 0.004 query_cap 32
public:04_vector_bitmix.json uncapped_1.0 0.0037 pass_complete 36
public:05_mixed_broadcast.json frozen_cap32_0.1 0.0037 pass_complete 20
public:05_mixed_broadcast.json frozen_cap32_1.0 0.0036 pass_complete 20
public:05_mixed_broadcast.json uncapped_1.0 0.0035 pass_complete 20
public:06_parallel_memory.json frozen_cap32_0.1 0.0037 query_cap 32
public:06_parallel_memory.json frozen_cap32_1.0 0.0034 query_cap 32
public:06_parallel_memory.json uncapped_1.0 0.0046 pass_complete 48
public:07_scalar_selects.json frozen_cap32_0.1 0.0035 query_cap 32
public:07_scalar_selects.json frozen_cap32_1.0 0.0035 query_cap 32
public:07_scalar_selects.json uncapped_1.0 0.0044 pass_complete 36
public:08_vector_reduction.json frozen_cap32_0.1 0.0053 query_cap 32
public:08_vector_reduction.json frozen_cap32_1.0 0.0048 query_cap 32
public:08_vector_reduction.json uncapped_1.0 0.0088 pass_complete 61
{
 "frozen_cap32_0.1": {
  "domain_record": 0.01999703317805764,
  "domain_from_record": 0.3970714629011532,
  "domain_digest": 0.06639258668464633,
  "layout": 0.023796378697587703,
  "search_total": 0.4970027495478526,
  "option_generation": 0.07528364743837904,
  "candidate_validation": 0.04457623499031954,
  "check_compilation": 0.13535329341452262,
  "validate_program": 0.20073267774152542,
  "derive_facts": 0.15191237242468536,
  "serialisation": 0.05988273844648689,
  "encode_best_index": 0.01571712220073761,
  "targets_windows": 0.007525663741932898
 },
 "frozen_cap32_1.0": {
  "domain_record": 0.019726647703607787,
  "domain_from_record": 0.3966296435463957,
  "domain_digest": 0.06658243708573794,
  "layout": 0.026197572126687805,
  "search_total": 0.4935202039639037,
  "option_generation": 0.07527351194081752,
  "candidate_validation": 0.04568981631277853,
  "check_compilation": 0.13301382255299643,
  "validate_program": 0.19720805041056838,
  "derive_facts": 0.15629897962621528,
  "serialisation": 0.05724478279174284,
  "encode_best_index": 0.015485130078088152,
  "targets_windows": 0.007397849063762676
 },
 "uncapped_1.0": {
  "domain_record": 0.02370850049285364,
  "domain_from_record": 0.43088607399774376,
  "domain_digest": 0.06888645091072838,
  "layout": 0.02159617683316175,
  "search_total": 0.45948720064444654,
  "option_generation": 0.06810715910786154,
  "candidate_validation": 0.030160056065553924,
  "check_compilation": 0.1385366903171496,
  "validate_program": 0.19771659054594656,
  "derive_facts": 0.16771175405808392,
  "serialisation": 0.06195661248339816,
  "encode_best_index": 0.010574825251112197,
  "targets_windows": 0.007079291862704175
 }
}
