{
 "public_all_agree": true,
 "gain_vs_original": 0.012095813029648905,
 "gain_vs_classical": 0.06909779917638614,
 "stopping_0.1": {
  "rows": 1500,
  "stopped_because_rows": {
   "pass_complete": 540,
   "query_cap": 960
  },
  "programs": 100,
  "programs_capped_all_reps": 64,
  "programs_capped_any_rep": 64,
  "vs_accepted_budgeted": {
   "wins": 26,
   "ties": 74,
   "losses": 0,
   "ties_capped_all_reps": 45
  },
  "query_status_totals": {
   "FAIL": 0,
   "INFEASIBLE": 33720,
   "SAT": 510,
   "UNKNOWN_CONSTRUCTION": 0,
   "UNKNOWN_SEARCH": 0,
   "UNSAT": 6660
  },
  "accepted_improvements_total": 510,
  "attempted_queries_max": 32,
  "attempted_queries_mean": 27.26
 }
}
