{
 "structural_bound": {
  "expected": 2.0327602339438613,
  "recomputed_min": 2.0327602339438613,
  "recomputed_max": 2.0327602339438613,
  "abs_difference": 0.0,
  "agrees_within_1e-12": true
 },
 "accepted_default": {
  "expected": 2.0084662022846573,
  "recomputed_min": 2.008466202284657,
  "recomputed_max": 2.008466202284657,
  "abs_difference": 4.440892098500626e-16,
  "agrees_within_1e-12": true
 },
 "classical": {
  "expected": 1.9013791212645499,
  "recomputed_min": 1.9013791212645499,
  "recomputed_max": 1.9013791212645499,
  "abs_difference": 0.0,
  "agrees_within_1e-12": true
 }
}
